"01-define-class.cl", line 1:7, Syntax error: mismatched input 'BB__' expecting {TYPE, ID}
"main.cl", line 1:7, Syntax error: mismatched input 'Main' expecting {TYPE, ID}
"main.cl", line 2:10, Syntax error: extraneous input ')' expecting {<EOF>, 'class'}
