"02-define-attribute.cl", line 1:7, Syntax error: mismatched input 'B' expecting {TYPE, ID}
"main.cl", line 1:7, Syntax error: mismatched input 'Main' expecting {TYPE, ID}
"main.cl", line 2:10, Syntax error: extraneous input ')' expecting {<EOF>, 'class'}
