"09-type-assignment.cl", line 1:7, Syntax error: mismatched input 'A' expecting {TYPE, ID}
"09-type-assignment.cl", line 7:7, Syntax error: extraneous input ')' expecting {<EOF>, 'class'}
"09-type-assignment.cl", line 28:7, Syntax error: mismatched input 'B' expecting {TYPE, ID}
"main.cl", line 1:7, Syntax error: mismatched input 'Main' expecting {TYPE, ID}
"main.cl", line 2:10, Syntax error: extraneous input ')' expecting {<EOF>, 'class'}
