"10-type-new-isvoid.cl", line 1:7, Syntax error: mismatched input 'A' expecting {TYPE, ID}
"10-type-new-isvoid.cl", line 2:7, Syntax error: extraneous input 'a' expecting {<EOF>, 'class'}
"10-type-new-isvoid.cl", line 21:7, Syntax error: mismatched input 'B' expecting {TYPE, ID}
"main.cl", line 1:7, Syntax error: mismatched input 'Main' expecting {TYPE, ID}
"main.cl", line 2:10, Syntax error: extraneous input ')' expecting {<EOF>, 'class'}
