"12-type-if.cl", line 1:7, Syntax error: mismatched input 'A' expecting {TYPE, ID}
"12-type-if.cl", line 2:7, Syntax error: extraneous input 'x' expecting {<EOF>, 'class'}
"12-type-if.cl", line 23:7, Syntax error: mismatched input 'B' expecting {TYPE, ID}
"main.cl", line 1:7, Syntax error: mismatched input 'Main' expecting {TYPE, ID}
"main.cl", line 2:10, Syntax error: extraneous input ')' expecting {<EOF>, 'class'}
