"13-type-case.cl", line 1:7, Syntax error: mismatched input 'A' expecting {TYPE, ID}
"13-type-case.cl", line 2:7, Syntax error: extraneous input 'x' expecting {<EOF>, 'class'}
"13-type-case.cl", line 48:7, Syntax error: mismatched input 'B' expecting {TYPE, ID}
"main.cl", line 1:7, Syntax error: mismatched input 'Main' expecting {TYPE, ID}
"main.cl", line 2:10, Syntax error: extraneous input ')' expecting {<EOF>, 'class'}
