"15-type-let.cl", line 1:7, Syntax error: mismatched input 'A' expecting {TYPE, ID}
"15-type-let.cl", line 2:7, Syntax error: extraneous input 'u' expecting {<EOF>, 'class'}
"15-type-let.cl", line 22:7, Syntax error: mismatched input 'B' expecting {TYPE, ID}
"main.cl", line 1:7, Syntax error: mismatched input 'Main' expecting {TYPE, ID}
"main.cl", line 2:10, Syntax error: extraneous input ')' expecting {<EOF>, 'class'}
