"20-basic-classes.cl", line 1:7, Syntax error: mismatched input 'A' expecting {TYPE, ID}
"20-basic-classes.cl", line 2:22, Syntax error: extraneous input ')' expecting {<EOF>, 'class'}
"main.cl", line 1:7, Syntax error: mismatched input 'Main' expecting {TYPE, ID}
"main.cl", line 2:10, Syntax error: extraneous input ')' expecting {<EOF>, 'class'}
